# towerdemo map v1
# . empty  R red  Y yellow  N neutral  r red-root  y yellow-root  n indestructible  x red door  z yellow door  @ red spawn  $ yellow spawn
160 90
................................................................................................................................................................
................................................................................................................................................................
...................................R.........................................................................................Y..................................
...................................R.........................................................................................Y..................................
...................................R.........................................................................................Y..................................
...................................R.........................................................................................Y..................................
...................................R.........................................................................................Y..................................
...................................R.........................................................................................Y..................................
...................................R.........................................................................................Y..................................
...................................R.........................................................................................Y..................................
...................................R.........................................................................................Y..................................
..................................RRR.......................................................................................YYY.................................
..................................RRR.......................................................................................YYY.................................
..................................RRR.......................................................................................YYY.................................
...........................RRRRRRRRRRRRRRRRR.........................................................................YYYYYYYYYYYYYYYYY..........................
...........................RRRRRRRRRRRRRRRRR.........................................................................YYYYYYYYYYYYYYYYY..........................
...........................RR.............RR.........................................................................YY.............YY..........................
...........................RR.............RR.........................................................................YY.............YY..........................
...........................RR.............RR.........................................................................YY.............YY..........................
...........................xx.............xx.........................................................................zz.............zz..........................
...........................xx.............xx.........................................................................zz.............zz..........................
...........................xx.............xx.........................................................................zz.............zz..........................
...............RR.....@....xx.............xx....@....xx..................................................zz.....$....zz.............zz....$....YY...............
...............RRRRRRRRRRRRRRRRRxxxxxxxRRRRRRRRRRRRRRRRNNNNnnnnnnnnnnnnnnnnnnnnnnnnnnnnnnnnnnnnnnnnnnNNNNYYYYYYYYYYYYYYYYYzzzzzzzYYYYYYYYYYYYYYYY...............
...............RRRRRRRRRRRRRRRRRRxxxxxRRRRRRRRRRRRRRRRRNNNNnnnnnnnnnnnnnnnnnnnnnnnnnnnnnnnnnnnnnnnnnnNNNNYYYYYYYYYYYYYYYYYYzzzzzYYYYYYYYYYYYYYYYY...............
...............RRR..................................RRRNNNNnnnnnnnnnnnnnnnnnnnnnnnnnnnnnnnnnnnnnnnnnnNNNNYYY..................................YYY...............
...............RRR..................................RRR..................................................YYY..................................YYY...............
...............RRR..................................RRR..................................................YYY..................................YYY...............
...............RRR..................................RRR..................................................YYY..................................YYY...............
...............RRR..................................RRR..................................................YYY..................................YYY...............
...............RRR..................................RRR..................................................YYY..................................YYY...............
...............RRR.................@................RRR..................................................YYY.................$................YYY...............
...............RRRRxxxxxxxRRRRRRRRRRRRRRRRRRRRRRRRRRRRR..................................................YYYYYYYYYYYYYYYYYYYYYYYYYYYYYzzzzzzzYYYY...............
...............RRRRRxxxxxRRRRRRRRRRRRRRRRRRRRRRRRRRRRRR..................................................YYYYYYYYYYYYYYYYYYYYYYYYYYYYYYzzzzzYYYYY...............
...............RRR..................................RRR..................................................YYY..................................YYY...............
...............RRR..................................RRR..................................................YYY..................................YYY...............
...............RRR..................................RRR..................................................YYY..................................YYY...............
...............RRR..................................RRR..................................................YYY..................................YYY...............
...............RRR..................................RRR..................................................YYY..................................YYY...............
...............RRR..................................RRR..................................................YYY..................................YYY...............
...............RRR.................@................RRR..................................................YYY.................$................YYY...............
...............RRRRRRRRRRRRRRRRRRRRRRRRRxxxxxxxRRRRRRRR..................................................YYYYYYYYzzzzzzzYYYYYYYYYYYYYYYYYYYYYYYYY...............
...............RRRRRRRRRRRRRRRRRRRRRRRRRRxxxxxRRRRRRRRR..................................................YYYYYYYYYzzzzzYYYYYYYYYYYYYYYYYYYYYYYYYY...............
....................RRR.........................RR............................................................YY.........................YYY....................
....................RRR.........................RR............................................................YY.........................YYY....................
....................RRR.........................RR............................................................YY.........................YYY....................
....................RRR.........................xx............................................................zz.........................YYY....................
....................RRR.........................xx............................................................zz.........................YYY....................
....................RRR.........................xx............................................................zz.........................YYY....................
....................RRR............@............xx............................................................zz.............$...........YYY....................
....................RRRRxxxxxxxRRRRRRRRRRRRRRRRRRRNNNNnnnnnnnnnnnnnnnnnnnnnnnnnnnnnnnnnnnnnnnnnnnnnnnnnnnnNNNNYYYYYYYYYYYYYYYYYYYzzzzzzzYYYY....................
....................RRRRRxxxxxRRRRRRRRRRRRRRRRRRRRNNNNnnnnnnnnnnnnnnnnnnnnnnnnnnnnnnnnnnnnnnnnnnnnnnnnnnnnNNNNYYYYYYYYYYYYYYYYYYYYzzzzzYYYYY....................
....................RRR........................RRRNNNNnnnnnnnnnnnnnnnnnnnnnnnnnnnnnnnnnnnnnnnnnnnnnnnnnnnnNNNNYYY........................YYY....................
....................RRR........................RRR............................................................YYY........................YYY....................
....................RRR........................RRR............................................................YYY........................YYY....................
....................RRR........................RRR............................................................YYY........................YYY....................
....................RRR........................RRR............................................................YYY........................YYY....................
....................RRR........................RRR............................................................YYY........................YYY....................
....................RRR............@...........RRR............................................................YYY............$...........YYY....................
....................RRRRRRRRRRRRRRRRRRRxxxxxxxRRRR............................................................YYYYzzzzzzzYYYYYYYYYYYYYYYYYYY....................
....................RRRRRRRRRRRRRRRRRRRRxxxxxRRRRR............................................................YYYYYzzzzzYYYYYYYYYYYYYYYYYYYY....................
....................RRR........................RRR............................................................YYY........................YYY....................
....................RRR........................RRR............................................................YYY........................YYY....................
....................RRR........................RRR............................................................YYY........................YYY....................
....................RRR........................RRR............................................................YYY........................YYY....................
....................RRR........................RRR............................................................YYY........................YYY....................
....................RRR........................RRR............................................................YYY........................YYY....................
....................RRR............@...........RRR............................................................YYY............$...........YYY....................
....................RRRRxxxxxxxRRRRRRRRRRRRRRRRRRR............................................................YYYYYYYYYYYYYYYYYYYzzzzzzzYYYY....................
....................RRRRRxxxxxRRRRRRRRRRRRRRRRRRRR............................................................YYYYYYYYYYYYYYYYYYYYzzzzzYYYYY....................
....................RRR........................RRR............................................................YYY........................YYY....................
....................RRR........................RRR............................................................YYY........................YYY....................
....................RRR........................RRR............................................................YYY........................YYY....................
....................RRR........................RRR............................................................YYY........................YYY....................
....................RRR........................RRR............................................................YYY........................YYY....................
....................RRR........................RRR............................................................YYY........................YYY....................
....................RRR............@...........RRR............................................................YYY............$...........YYY....................
....................RRRRRRRRRRRRRRRRRRRxxxxxxxRRRR............................................................YYYYzzzzzzzYYYYYYYYYYYYYYYYYYY....................
....................RRRRRRRRRRRRRRRRRRRRxxxxxRRRRR............................................................YYYYYzzzzzYYYYYYYYYYYYYYYYYYYY....................
....................RRR........................RRR............................................................YYY........................YYY....................
....................RRR........................RRR............................................................YYY........................YYY....................
....................RRR........................RRR............................................................YYY........................YYY....................
....................RRR........................RRR............................................................YYY........................YYY....................
....................RRR........................RRR............................................................YYY........................YYY....................
....................RRR........................RRR............................................................YYY........................YYY....................
....................RRR............@...........RRR............................................................YYY............$...........YYY....................
....................rrrrrrrrrrrrrrrrrrrrrrrrrrrrrr............................................................yyyyyyyyyyyyyyyyyyyyyyyyyyyyyy....................
....................rrrrrrrrrrrrrrrrrrrrrrrrrrrrrr............................................................yyyyyyyyyyyyyyyyyyyyyyyyyyyyyy....................
....................rrrrrrrrrrrrrrrrrrrrrrrrrrrrrr............................................................yyyyyyyyyyyyyyyyyyyyyyyyyyyyyy....................
....................rrrrrrrrrrrrrrrrrrrrrrrrrrrrrr............................................................yyyyyyyyyyyyyyyyyyyyyyyyyyyyyy....................